
> medical-forum@0.1.0 build
> next build

   ▲ Next.js 16.0.7 (Turbopack)
   - Environments: .env.local
   - Experiments (use with caution):
     · optimizePackageImports

 ⚠ The "middleware" file convention is deprecated. Please use "proxy" instead. Learn more: https://nextjs.org/docs/messages/middleware-to-proxy
   Creating an optimized production build ...
 ✓ Compiled successfully in 28.9s
   Running TypeScript ...
Failed to compile.

.next/types/validator.ts:666:31
Type error: Type 'typeof import("D:/med/medicalTourismForum/src/app/api/categories/[slug]/polls/route")' does not satisfy the constraint 'RouteHandlerConfig<"/api/categories/[slug]/polls">'.
  Types of property 'GET' are incompatible.
    Type '(req: Request, { params }: { params: { slug: string; }; }) => Promise<NextResponse<{ polls: any[]; }>>' is not assignable to type '(request: NextRequest, context: { params: Promise<{ slug: string; }>; }) => void | Response | Promise<void | Response>'.
      Types of parameters '__1' and 'context' are incompatible.
        Type '{ params: Promise<{ slug: string; }>; }' is not assignable to type '{ params: { slug: string; }; }'.
          Types of property 'params' are incompatible.
            Property 'slug' is missing in type 'Promise<{ slug: string; }>' but required in type '{ slug: string; }'.

[0m [90m 664 |[39m   type __IsExpected[33m<[39m[33mSpecific[39m [36mextends[39m [33mRouteHandlerConfig[39m[33m<[39m[32m"/api/categories/[slug]/polls"[39m[33m>>[39m [33m=[39m [33mSpecific[39m
 [90m 665 |[39m   [36mconst[39m handler [33m=[39m {} [36mas[39m [36mtypeof[39m [36mimport[39m([32m"../../src/app/api/categories/[slug]/polls/route.js"[39m)
[31m[1m>[22m[39m[90m 666 |[39m   type __Check [33m=[39m __IsExpected[33m<[39m[36mtypeof[39m handler[33m>[39m
 [90m     |[39m                               [31m[1m^[22m[39m
 [90m 667 |[39m   [90m// @ts-ignore[39m
 [90m 668 |[39m   type __Unused [33m=[39m __Check
 [90m 669 |[39m }[0m
Next.js build worker exited with code: 1 and signal: null
